
Clover EFI installer log - Sun Jul 28 22:09:06 PDT 2019
Installer version: v2.4k r4972 EFI bootloader
======================================================
/dev/disk0 (internal, physical):
   #:                       TYPE NAME                    SIZE       IDENTIFIER
   0:      GUID_partition_scheme                        *256.1 GB   disk0
   1:                        EFI EFI                     209.7 MB   disk0s1
   2:                 Apple_APFS Container disk1         117.9 GB   disk0s2
   3: 9198EFFC-31C0-11DB-8F78-000C2911D1B8               33.6 MB    disk0s3
   4: 9198EFFC-31C0-11DB-8F78-000C2911D1B8               2.5 GB     disk0s4
   5: 9198EFFC-31C0-11DB-8F78-000C2911D1B8               70.5 GB    disk0s5
   6: 9198EFFC-31C0-11DB-8F78-000C2911D1B8               64.7 GB    disk0s6

/dev/disk1 (synthesized):
   #:                       TYPE NAME                    SIZE       IDENTIFIER
   0:      APFS Container Scheme -                      +117.9 GB   disk1
                                 Physical Store disk0s2
   1:                APFS Volume Macintosh               54.3 GB    disk1s1
   2:                APFS Volume Preboot                 46.5 MB    disk1s2
   3:                APFS Volume Recovery                510.3 MB   disk1s3
   4:                APFS Volume VM                      1.1 GB     disk1s4

/dev/disk2 (external, physical):
   #:                       TYPE NAME                    SIZE       IDENTIFIER
   0:      GUID_partition_scheme                        *8.0 GB     disk2
   1:                        EFI UEFI                    209.7 MB   disk2s1
   2:                  Apple_HFS 10145EasyMBR18F132      7.7 GB     disk2s2

======================================================
Backing up EFI files

Backing up /Volumes/10145EasyMBR18F132/EFIROOTDIR/EFI folder to /Volumes/10145EasyMBR18F132/EFI-Backups/r/2019-07-28-22h09/EFI
======================================================
Installing BootSectors/BootLoader

Stage 0 - Don't write any of boot0af, boot0md, boot0ss to /Volumes/10145EasyMBR18F132
Stage 1 - Don't write any of boot1h2, boot1f32alt, boot1xalt to /Volumes/10145EasyMBR18F132

Removing drivers64UEFI/SMCHelper-64.efi driver because VirtualSMC driver present
======================================================
Installing RC Scripts

Installing RC scripts on target volume '/Volumes/10145EasyMBR18F132'


======================================================
=========== Clover EFI Installation Finish ===========
======================================================
